// Jest Snapshot v1, https://goo.gl/fbAQLP

exports[`Test en <GifItem/> Debe coincidir con el snapshot 1`] = `
<div>
  <div
    class="card"
  >
    <div
      style="cursor: pointer;"
    >
      <img
        alt="gif"
        aria-label="gif-image"
        src="https://dragon-ball.com/goku.jpg"
      />
    </div>
    <article
      class="modal false"
    >
      <div
        class="modal-container animate__animated animate__bounceIn"
      >
        <button
          class="btn-modal-close"
        >
          âœ–
        </button>
        <img
          alt="gif"
          class="modal-img"
          src="https://dragon-ball.com/goku.jpg"
        />
        <p
          data-testid="test-title"
        >
          Dragon Ball
        </p>
      </div>
    </article>
  </div>
</div>
`;
